
> icuni-connect@0.1.0 build
> next build

Ôû▓ Next.js 16.1.1 (Turbopack)
- Environments: .env.local

  Creating an optimized production build ...
node.exe : 
At line:1 char:1
+ & "C:\Program Files\
nodejs/node.exe" "C:\U
sers\Mikael.Gabriel\Ap
pData ...
+ ~~~~~~~~~~~~~~~~~~~~
~~~~~~~~~~~~~~~~~~~~~~
~~~~~~~~~~~~~~~~~~~~~~
~~~~~
    + CategoryInfo    
          : NotSpeci  
  fied: (:String) [   
 ], RemoteExceptio    
n
    + FullyQualifiedE 
   rrorId : NativeCo  
  mmandError
 
> Build error occurred
Error: Turbopack 
build failed with 4 
errors:
./src/app/projects/new
/page.tsx:339:25
Parsing ecmascript 
source code failed
[0m [90m 337 |[39m 
                    )}
 [90m 338 |[39m     
            [33m<[39
m[33m/[39m[33mdiv[
39m[33m>[39m
[31m[1m>[22m[39m[
90m 339 |[39m        
                 [33m
<[39m[33m/[39m[33m
div[39m[33m>[39m
 [90m     |[39m     
                    
[31m[1m^[22m[39m
 [90m 340 |[39m     
)
 [90m 341 |[39m }
 [90m 342 |[39m     
            [33m<[39
m[33m/[39m[33mCard
[39m [33m>[39m[0m

Expression expected


./src/app/projects/new
/page.tsx:339:26
Parsing ecmascript 
source code failed
[0m [90m 337 |[39m 
                    )}
 [90m 338 |[39m     
            [33m<[39
m[33m/[39m[33mdiv[
39m[33m>[39m
[31m[1m>[22m[39m[
90m 339 |[39m        
                 [33m
<[39m[33m/[39m[33m
div[39m[33m>[39m
 [90m     |[39m     
                     
[31m[1m^[22m[39m[3
1m[1m^[22m[39m[31m
[1m^[22m[39m[31m[
1m^[22m[39m[31m[1m
^[22m[39m
 [90m 340 |[39m     
)
 [90m 341 |[39m }
 [90m 342 |[39m     
            [33m<[39
m[33m/[39m[33mCard
[39m [33m>[39m[0m

Unterminated regexp 
literal


./src/app/talent/manag
e/page.tsx:6:1
Export Textarea 
doesn't exist in 
target module
[0m [90m 4 |[39m 
[36mimport[39m { 
useAuth[33m,[39m 
useAuthStore } 
[36mfrom[39m [32m'@
/lib/auth'[39m[33m;
[39m
 [90m 5 |[39m 
[36mimport[39m { 
api } [36mfrom[39m 
[32m'@/lib/api'[39m[
33m;[39m
[31m[1m>[22m[39m[
90m 6 |[39m 
[36mimport[39m { [3
3mButton[39m[33m,[3
9m [33mCard[39m[33m
,[39m [33mInput[39m
[33m,[39m 
[33mTextarea[39m } 
[36mfrom[39m [32m'@
/components/ui'[39m[
33m;[39m
 [90m   |[39m [31m
[1m^[22m[39m[31m[1
m^[22m[39m[31m[1m^
[22m[39m[31m[1m^[
22m[39m[31m[1m^[22
m[39m[31m[1m^[22m
[39m[31m[1m^[22m[3
9m[31m[1m^[22m[39m
[31m[1m^[22m[39m[
31m[1m^[22m[39m[31
m[1m^[22m[39m[31m
[1m^[22m[39m[31m[1
m^[22m[39m[31m[1m^
[22m[39m[31m[1m^[
22m[39m[31m[1m^[22
m[39m[31m[1m^[22m
[39m[31m[1m^[22m[3
9m[31m[1m^[22m[39m
[31m[1m^[22m[39m[
31m[1m^[22m[39m[31
m[1m^[22m[39m[31m
[1m^[22m[39m[31m[1
m^[22m[39m[31m[1m^
[22m[39m[31m[1m^[
22m[39m[31m[1m^[22
m[39m[31m[1m^[22m
[39m[31m[1m^[22m[3
9m[31m[1m^[22m[39m
[31m[1m^[22m[39m[
31m[1m^[22m[39m[31
m[1m^[22m[39m[31m
[1m^[22m[39m[31m[1
m^[22m[39m[31m[1m^
[22m[39m[31m[1m^[
22m[39m[31m[1m^[22
m[39m[31m[1m^[22m
[39m[31m[1m^[22m[3
9m[31m[1m^[22m[39m
[31m[1m^[22m[39m[
31m[1m^[22m[39m[31
m[1m^[22m[39m[31m
[1m^[22m[39m[31m[1
m^[22m[39m[31m[1m^
[22m[39m[31m[1m^[
22m[39m[31m[1m^[22
m[39m[31m[1m^[22m
[39m[31m[1m^[22m[3
9m[31m[1m^[22m[39m
[31m[1m^[22m[39m[
31m[1m^[22m[39m[31
m[1m^[22m[39m[31m
[1m^[22m[39m[31m[1
m^[22m[39m[31m[1m^
[22m[39m[31m[1m^[
22m[39m[31m[1m^[22
m[39m[31m[1m^[22m
[39m[31m[1m^[22m[3
9m[31m[1m^[22m[39m
[31m[1m^[22m[39m
 [90m 7 |[39m 
[36mimport[39m { [3
3mProtectedRoute[39m 
} [36mfrom[39m [32m
'@/components/auth/Pro
tectedRoute'[39m[33m
;[39m
 [90m 8 |[39m 
[36mimport[39m {
 [90m 9 |[39m     [
33mUser[39m[33m,[39
m [33mUpload[39m[33
m,[39m 
[33mImage[39m 
[36mas[39m [33mImag
eIcon[39m[33m,[39m 
[33mEye[39m[33m,[3
9m [33mEyeOff[39m[3
3m,[39m[0m

The export Textarea 
was not found in 
module [project]/src/c
omponents/ui/index.ts 
[app-client] 
(ecmascript).
Did you mean to 
import Card?
All exports of the 
module are statically 
known (It doesn't 
have dynamic 
exports). So it's 
known statically that 
the requested export 
doesn't exist.

Import traces:
  Client Component 
Browser:
    ./src/app/talent/m
anage/page.tsx 
[Client Component 
Browser]
    ./src/app/talent/m
anage/page.tsx 
[Server Component]

  Client Component 
SSR:
    ./src/app/talent/m
anage/page.tsx 
[Client Component SSR]
    ./src/app/talent/m
anage/page.tsx 
[Server Component]


./src/app/talent/manag
e/page.tsx:6:1
Export Textarea 
doesn't exist in 
target module
[0m [90m 4 |[39m 
[36mimport[39m { 
useAuth[33m,[39m 
useAuthStore } 
[36mfrom[39m [32m'@
/lib/auth'[39m[33m;
[39m
 [90m 5 |[39m 
[36mimport[39m { 
api } [36mfrom[39m 
[32m'@/lib/api'[39m[
33m;[39m
[31m[1m>[22m[39m[
90m 6 |[39m 
[36mimport[39m { [3
3mButton[39m[33m,[3
9m [33mCard[39m[33m
,[39m [33mInput[39m
[33m,[39m 
[33mTextarea[39m } 
[36mfrom[39m [32m'@
/components/ui'[39m[
33m;[39m
 [90m   |[39m [31m
[1m^[22m[39m[31m[1
m^[22m[39m[31m[1m^
[22m[39m[31m[1m^[
22m[39m[31m[1m^[22
m[39m[31m[1m^[22m
[39m[31m[1m^[22m[3
9m[31m[1m^[22m[39m
[31m[1m^[22m[39m[
31m[1m^[22m[39m[31
m[1m^[22m[39m[31m
[1m^[22m[39m[31m[1
m^[22m[39m[31m[1m^
[22m[39m[31m[1m^[
22m[39m[31m[1m^[22
m[39m[31m[1m^[22m
[39m[31m[1m^[22m[3
9m[31m[1m^[22m[39m
[31m[1m^[22m[39m[
31m[1m^[22m[39m[31
m[1m^[22m[39m[31m
[1m^[22m[39m[31m[1
m^[22m[39m[31m[1m^
[22m[39m[31m[1m^[
22m[39m[31m[1m^[22
m[39m[31m[1m^[22m
[39m[31m[1m^[22m[3
9m[31m[1m^[22m[39m
[31m[1m^[22m[39m[
31m[1m^[22m[39m[31
m[1m^[22m[39m[31m
[1m^[22m[39m[31m[1
m^[22m[39m[31m[1m^
[22m[39m[31m[1m^[
22m[39m[31m[1m^[22
m[39m[31m[1m^[22m
[39m[31m[1m^[22m[3
9m[31m[1m^[22m[39m
[31m[1m^[22m[39m[
31m[1m^[22m[39m[31
m[1m^[22m[39m[31m
[1m^[22m[39m[31m[1
m^[22m[39m[31m[1m^
[22m[39m[31m[1m^[
22m[39m[31m[1m^[22
m[39m[31m[1m^[22m
[39m[31m[1m^[22m[3
9m[31m[1m^[22m[39m
[31m[1m^[22m[39m[
31m[1m^[22m[39m[31
m[1m^[22m[39m[31m
[1m^[22m[39m[31m[1
m^[22m[39m[31m[1m^
[22m[39m[31m[1m^[
22m[39m[31m[1m^[22
m[39m[31m[1m^[22m
[39m[31m[1m^[22m[3
9m[31m[1m^[22m[39m
[31m[1m^[22m[39m
 [90m 7 |[39m 
[36mimport[39m { [3
3mProtectedRoute[39m 
} [36mfrom[39m [32m
'@/components/auth/Pro
tectedRoute'[39m[33m
;[39m
 [90m 8 |[39m 
[36mimport[39m {
 [90m 9 |[39m     [
33mUser[39m[33m,[39
m [33mUpload[39m[33
m,[39m 
[33mImage[39m 
[36mas[39m [33mImag
eIcon[39m[33m,[39m 
[33mEye[39m[33m,[3
9m [33mEyeOff[39m[3
3m,[39m[0m

The export Textarea 
was not found in 
module [project]/src/c
omponents/ui/index.ts 
[app-ssr] 
(ecmascript).
Did you mean to 
import Card?
All exports of the 
module are statically 
known (It doesn't 
have dynamic 
exports). So it's 
known statically that 
the requested export 
doesn't exist.

Import traces:
  Client Component 
Browser:
    ./src/app/talent/m
anage/page.tsx 
[Client Component 
Browser]
    ./src/app/talent/m
anage/page.tsx 
[Server Component]

  Client Component 
SSR:
    ./src/app/talent/m
anage/page.tsx 
[Client Component SSR]
    ./src/app/talent/m
anage/page.tsx 
[Server Component]


    at <unknown> (./sr
c/app/projects/new/pag
e.tsx:339:25)
    at <unknown> (./sr
c/app/projects/new/pag
e.tsx:339:26)
    at <unknown> (./sr
c/app/talent/manage/pa
ge.tsx:6:1)
    at <unknown> (./sr
c/app/talent/manage/pa
ge.tsx:6:1)
